******************************************************************************
                  TMS470 Linker Unix v4.6.4                    
******************************************************************************
>> Linked Wed Dec 21 11:02:56 2011

OUTPUT FILE NAME:   <BOSS-Common.out>
ENTRY POINT SYMBOL: "_c_int00"  address: 00001200


MEMORY CONFIGURATION

         name            origin    length      used     unused   attr    fill
----------------------  --------  ---------  --------  --------  ----  --------
  RAM                   00000000   ffffffff  000023f8  ffffdc07  RWIX


SECTION ALLOCATION MAP

 output                                  attributes/
section   page    origin      length       input sections
--------  ----  ----------  ----------   ----------------
.text      0    00000000    000012c4     
                  00000000    00000634     rtsv5_A_le_tiarm9.lib : memory.obj (.text)
                  00000634    000003e8     MemoryManager.obj (.text)
                  00000a1c    00000230     MessageQueue.obj (.text)
                  00000c4c    00000180     rtsv5_A_le_tiarm9.lib : memcpy32.obj (.text)
                  00000dcc    000000ec     Message.obj (.text)
                  00000eb8    000000e4     systemCalls.obj (.text)
                  00000f9c    000000a8     rtsv5_A_le_tiarm9.lib : auto_init.obj (.text)
                  00001044    000000a0                           : memset32.obj (.text)
                  000010e4    00000078                           : exit.obj (.text)
                  0000115c    00000058                           : cpy_tbl.obj (.text)
                  000011b4    0000004c                           : new_.obj (.text)
                  00001200    00000044                           : boot.obj (.text)
                  00001244    00000024                           : _lock.obj (.text)
                  00001268    00000020                           : args_main.obj (.text)
                  00001288    00000020                           : icall32.obj (.text)
                  000012a8    00000010                           : delete.obj (.text)
                  000012b8    00000008                           : placenew.obj (.text)
                  000012c0    00000004                           : newhandler.obj (.text)

.data      0    00000000    00000000     UNINITIALIZED

.pinit     0    00000000    00000000     UNINITIALIZED

.cinit     0    000012c4    000000c4     
                  000012c4    0000003c     Rand.obj (.cinit)
                  00001300    00000024     rtsv5_A_le_tiarm9.lib : memory.obj (.cinit)
                  00001324    00000018                           : _lock.obj (.cinit)
                  0000133c    00000018                           : exit.obj (.cinit)
                  00001354    0000000c     Time.obj (.cinit)
                  00001360    0000000c     rtsv5_A_le_tiarm9.lib : boot.obj (.cinit)
                  0000136c    0000000c                           : stkdepth_vars.obj (.cinit)
                  00001378    0000000c                           : vars.obj (.cinit)
                  00001384    00000004     --HOLE-- [fill = 0]

.bss       0    00001388    00000040     UNINITIALIZED
                  00001388    00000014     Rand.obj (.bss)
                  0000139c    0000000c     rtsv5_A_le_tiarm9.lib : memory.obj (.bss)
                  000013a8    00000008                           : _lock.obj (.bss)
                  000013b0    00000008                           : exit.obj (.bss)
                  000013b8    00000004     Time.obj (.bss)
                  000013bc    00000004     rtsv5_A_le_tiarm9.lib : boot.obj (.bss)
                  000013c0    00000004                           : stkdepth_vars.obj (.bss)
                  000013c4    00000004                           : vars.obj (.bss)

.const     0    000013c8    00000030     
                  000013c8    00000010     MemoryManager.obj (.const)
                  000013d8    00000010     Message.obj (.const)
                  000013e8    00000010     MessageQueue.obj (.const)

.stack     0    000013f8    00000800     UNINITIALIZED
                  000013f8    00000800     --HOLE--

.sysmem    0    00001bf8    00000800     UNINITIALIZED
                  00001bf8    00000008     rtsv5_A_le_tiarm9.lib : memory.obj (.sysmem)
                  00001c00    000007f8     --HOLE--


GLOBAL SYMBOLS: SORTED ALPHABETICALLY BY Name 

address    name
--------   ----
00001388   .bss
00000000   .data
00000000   .text
000010e4   C$$EXIT
00000c4c   C_MEMCPY
00001288   IND_CALL
00001bf8   __STACK_END
00000800   __STACK_SIZE
00000800   __SYSMEM_SIZE
00000001   __TI_args_main
00000f9c   __TI_auto_init
ffffffff   ___binit__
00001388   ___bss__
ffffffff   ___c_args__
000012c4   ___cinit__
00000a1c   ___ct__12MessageQueueFv
00000840   ___ct__13MemoryManagerFPVUi
00000dcc   ___ct__7MessageFiT1Pi
00000000   ___data__
000012c0   ___default_new_handler__Fv
000012a8   ___dl__FPv
00000a7c   ___dt__12MessageQueueFv
000008f4   ___dt__13MemoryManagerFv
00000e3c   ___dt__7MessageFv
00000000   ___edata__
000013c8   ___end__
000012c4   ___etext__
000011b4   ___nw__FUi
000012b8   ___nw__FUiPv
ffffffff   ___pinit__
00000000   ___text__
000013e8   ___vtbl__12MessageQueue
000013c8   ___vtbl__13MemoryManager
000013d8   ___vtbl__7Message
00001268   __args_main
000013b0   __cleanup_ptr
000013b4   __dtors_ptr
000013a8   __lock
000013c4   __new_handler
0000125c   __nop
00001250   __register_lock
00001244   __register_unlock
000013f8   __stack
00001bf8   __sys_memory
000013ac   __unlock
000010ec   _abort
00001200   _c_int00
000005dc   _calloc
0000115c   _copy_in
00000634   _createMessageQueue__13MemoryManagerFv
0000093c   _createMessage__13MemoryManagerFiT1Pi
000010f8   _exit
000001b8   _free
0000077c   _getHeaderForObjectAt__13MemoryManagerFPv
000007f0   _getInstanceAt__13MemoryManagerSFPVUi
00000924   _getMessageQueue__13MemoryManagerFv
00000678   _getNextFreeAddressWith__13MemoryManagerFi
00000754   _getNextHeader__13MemoryManagerFP12MemoryHeader
00000e84   _getParamsLength__7MessageFv
00000e9c   _getParams__7MessageFv
00000e6c   _getTaskId__7MessageFv
00000798   _hasEnoughSpaceFor__13MemoryManagerFiP12MemoryHeader
00000bb0   _isEmpty__12MessageQueueFv
00000bfc   _isFull__12MessageQueueFv
UNDEFED    _main
000013c0   _main_func_sp
00000100   _malloc
000004a0   _memalign
00001044   _memset
00000000   _minit
00000f4c   _performServiceCall__FiN21
00000eb8   _performSystemCall__Fi
00000f00   _performSystemCall__FiT1
00000b18   _popMessage__12MessageQueueFv
00000aac   _pushMessage__12MessageQueueFP7Message
00000314   _realloc
000009c8   _remove__13MemoryManagerFP7Message
000013bc   _stkchk_called
000013b8   _time
ffffffff   binit
000012c4   cinit
00000000   edata
000013c8   end
000012c4   etext
ffffffff   pinit


GLOBAL SYMBOLS: SORTED BY Symbol Address 

address    name
--------   ----
00000000   .data
00000000   .text
00000000   ___data__
00000000   ___edata__
00000000   ___text__
00000000   _minit
00000000   edata
00000001   __TI_args_main
00000100   _malloc
000001b8   _free
00000314   _realloc
000004a0   _memalign
000005dc   _calloc
00000634   _createMessageQueue__13MemoryManagerFv
00000678   _getNextFreeAddressWith__13MemoryManagerFi
00000754   _getNextHeader__13MemoryManagerFP12MemoryHeader
0000077c   _getHeaderForObjectAt__13MemoryManagerFPv
00000798   _hasEnoughSpaceFor__13MemoryManagerFiP12MemoryHeader
000007f0   _getInstanceAt__13MemoryManagerSFPVUi
00000800   __STACK_SIZE
00000800   __SYSMEM_SIZE
00000840   ___ct__13MemoryManagerFPVUi
000008f4   ___dt__13MemoryManagerFv
00000924   _getMessageQueue__13MemoryManagerFv
0000093c   _createMessage__13MemoryManagerFiT1Pi
000009c8   _remove__13MemoryManagerFP7Message
00000a1c   ___ct__12MessageQueueFv
00000a7c   ___dt__12MessageQueueFv
00000aac   _pushMessage__12MessageQueueFP7Message
00000b18   _popMessage__12MessageQueueFv
00000bb0   _isEmpty__12MessageQueueFv
00000bfc   _isFull__12MessageQueueFv
00000c4c   C_MEMCPY
00000dcc   ___ct__7MessageFiT1Pi
00000e3c   ___dt__7MessageFv
00000e6c   _getTaskId__7MessageFv
00000e84   _getParamsLength__7MessageFv
00000e9c   _getParams__7MessageFv
00000eb8   _performSystemCall__Fi
00000f00   _performSystemCall__FiT1
00000f4c   _performServiceCall__FiN21
00000f9c   __TI_auto_init
00001044   _memset
000010e4   C$$EXIT
000010ec   _abort
000010f8   _exit
0000115c   _copy_in
000011b4   ___nw__FUi
00001200   _c_int00
00001244   __register_unlock
00001250   __register_lock
0000125c   __nop
00001268   __args_main
00001288   IND_CALL
000012a8   ___dl__FPv
000012b8   ___nw__FUiPv
000012c0   ___default_new_handler__Fv
000012c4   ___cinit__
000012c4   ___etext__
000012c4   cinit
000012c4   etext
00001388   .bss
00001388   ___bss__
000013a8   __lock
000013ac   __unlock
000013b0   __cleanup_ptr
000013b4   __dtors_ptr
000013b8   _time
000013bc   _stkchk_called
000013c0   _main_func_sp
000013c4   __new_handler
000013c8   ___end__
000013c8   ___vtbl__13MemoryManager
000013c8   end
000013d8   ___vtbl__7Message
000013e8   ___vtbl__12MessageQueue
000013f8   __stack
00001bf8   __STACK_END
00001bf8   __sys_memory
ffffffff   ___binit__
ffffffff   ___c_args__
ffffffff   ___pinit__
ffffffff   binit
ffffffff   pinit
UNDEFED    _main

[85 symbols]
