******************************************************************************
                  TMS470 Linker PC v4.6.3                      
******************************************************************************
>> Linked Fri Oct 21 16:20:50 2011

OUTPUT FILE NAME:   <BOSS.out>
ENTRY POINT SYMBOL: "_c_int00"  address: 82007abc


MEMORY CONFIGURATION

         name            origin    length      used     unused   attr    fill
----------------------  --------  ---------  --------  --------  ----  --------
  int_ram               40200000   0000ffff  00000000  0000ffff  RWIX
  ext_ddr               82000000   00010000  0000c6b3  0000394d  RWIX


SECTION ALLOCATION MAP

 output                                  attributes/
section   page    origin      length       input sections
--------  ----  ----------  ----------   ----------------
.data      0    82000000    00000000     UNINITIALIZED

.text      0    82000000    00007cdc     
                  82000000    00001bac     TaskManager.obj (.text)
                  82001bac    0000160c     rtsv5_A_le_tiarm9.lib : _printfi.obj (.text)
                  820031b8    000007b8                           : string.obj (.text)
                  82003970    00000634                           : memory.obj (.text)
                  82003fa4    000005c4                           : lowlev.obj (.text)
                  82004568    000004f8                           : trgdrv.obj (.text)
                  82004a60    0000046c     LEDService.obj (.text)
                  82004ecc    00000314     Task.obj (.text)
                  820051e0    00000300     rtsv5_A_le_tiarm9.lib : fopen.obj (.text)
                  820054e0    0000028c                           : ull_div32.obj (.text)
                  8200576c    0000026c     HalLedDriver.obj (.text)
                  820059d8    00000214     rtsv5_A_le_tiarm9.lib : fd_add32.obj (.text)
                  82005bec    000001bc     Scheduler.obj (.text)
                  82005da8    000001b0     TimerClass.obj (.text)
                  82005f58    00000190     rtsv5_A_le_tiarm9.lib : fd_div32.obj (.text)
                  820060e8    00000190                           : fputs.obj (.text)
                  82006278    00000184     LEDDriver.obj (.text)
                  820063fc    00000180     rtsv5_A_le_tiarm9.lib : memcpy32.obj (.text)
                  8200657c    0000013c     LEDClass.obj (.text)
                  820066b8    00000128     HalTimerDriver.obj (.text)
                  820067e0    00000128     rtsv5_A_le_tiarm9.lib : fd_mul32.obj (.text)
                  82006908    00000118                           : _io_perm.obj (.text)
                  82006a20    00000114                           : setvbuf.obj (.text)
                  82006b34    00000110                           : fflush.obj (.text)
                  82006c44    00000100                           : i_div32.obj (.text)
                  82006d44    000000e4     Service.obj (.text)
                  82006e28    000000e4     TestDriver.obj (.text)
                  82006f0c    000000e0     rtsv5_A_le_tiarm9.lib : u_div32.obj (.text)
                  82006fec    000000d4                           : fputc.obj (.text)
                  820070c0    000000c0                           : fd_cmp32.obj (.text)
                  82007180    000000b0                           : typeinfo_.obj (.text)
                  82007230    000000a8                           : auto_init.obj (.text)
                  820072d8    000000a8                           : trgmsg.obj (.text)
                  82007380    000000a0                           : memset32.obj (.text)
                  82007420    00000098                           : fclose.obj (.text)
                  820074b8    00000090                           : throw.obj (.text)
                  82007548    00000084                           : atoi.obj (.text)
                  820075cc    00000084                           : ltoa.obj (.text)
                  82007650    00000080                           : fseek.obj (.text)
                  820076d0    00000078                           : exit.obj (.text)
                  82007748    00000070     Driver.obj (.text)
                  820077b8    00000070     HalInterruptDriver.obj (.text)
                  82007828    00000070     InterruptClass.obj (.text)
                  82007898    00000070     TaskControlBlock.obj (.text)
                  82007908    0000006c     rtsv5_A_le_tiarm9.lib : printf.obj (.text)
                  82007974    0000005c                           : fd_toi32.obj (.text)
                  820079d0    00000058                           : cpy_tbl.obj (.text)
                  82007a28    0000004c                           : new_.obj (.text)
                  82007a74    00000048                           : strncpy.obj (.text)
                  82007abc    00000044                           : boot.obj (.text)
                  82007b00    0000003c                           : i_tofd32.obj (.text)
                  82007b3c    00000030                           : memmov.obj (.text)
                  82007b6c    0000002c                           : memchr.obj (.text)
                  82007b98    0000002c                           : strcmp.obj (.text)
                  82007bc4    00000028                           : memccpy.obj (.text)
                  82007bec    00000028                           : strchr.obj (.text)
                  82007c14    00000024                           : _lock.obj (.text)
                  82007c38    00000020                           : args_main.obj (.text)
                  82007c58    00000020                           : icall32.obj (.text)
                  82007c78    0000001c                           : strcpy.obj (.text)
                  82007c94    0000001c                           : strlen.obj (.text)
                  82007cb0    00000010                           : delete.obj (.text)
                  82007cc0    00000008                           : placenew.obj (.text)
                  82007cc8    00000008                           : pure_virt.obj (.text)
                  82007cd0    00000004                           : error.obj (.text)
                  82007cd4    00000004                           : newhandler.obj (.text)
                  82007cd8    00000004                           : remove.obj (.text)

.stack     0    82007cdc    00002000     UNINITIALIZED
                  82007cdc    00002000     --HOLE--

.sysmem    0    82009cdc    00002000     UNINITIALIZED
                  82009cdc    00000008     rtsv5_A_le_tiarm9.lib : memory.obj (.sysmem)
                  82009ce4    00001ff8     --HOLE--

.bss       0    8200bcdc    00000484     UNINITIALIZED
                  8200bcdc    00000120     rtsv5_A_le_tiarm9.lib : trgmsg.obj (.bss:__CIOBUF_)
                  8200bdfc    000000f0                           : defs.obj (.bss:__ftable)
                  8200beec    000000c8                           : trgdrv.obj (.bss:_result$1)
                  8200bfb4    000000a0                           : defs.obj (.bss:__tmpnams)
                  8200c054    00000078                           : lowlev.obj (.bss:__device)
                  8200c0cc    00000050                           : lowlev.obj (.bss:__stream)
                  8200c11c    0000000c                           : memory.obj (.bss)
                  8200c128    00000008                           : _lock.obj (.bss)
                  8200c130    00000008                           : exit.obj (.bss)
                  8200c138    00000008                           : trgdrv.obj (.bss)
                  8200c140    00000004     LEDService.obj (.bss)
                  8200c144    00000004     rtsv5_A_le_tiarm9.lib : boot.obj (.bss)
                  8200c148    00000004                           : defs.obj (.bss)
                  8200c14c    00000004                           : fopen.obj (.bss)
                  8200c150    00000004                           : lowlev.obj (.bss)
                  8200c154    00000004                           : raisehan.obj (.bss)
                  8200c158    00000004                           : stkdepth_vars.obj (.bss)
                  8200c15c    00000004                           : vars.obj (.bss)

.const     0    8200c160    000003fb     
                  8200c160    00000101     rtsv5_A_le_tiarm9.lib : ctype.obj (.const:__ctypes_)
                  8200c261    00000003     --HOLE-- [fill = 0]
                  8200c264    000000ec                           : string.obj (.const)
                  8200c350    00000070     TaskManager.obj (.const)
                  8200c3c0    0000004a     rtsv5_A_le_tiarm9.lib : string.obj (.const:.string)
                  8200c40a    00000002     --HOLE-- [fill = 0]
                  8200c40c    00000026     LEDService.obj (.const)
                  8200c432    00000002     --HOLE-- [fill = 0]
                  8200c434    00000024     rtsv5_A_le_tiarm9.lib : typeinfo_.obj (.const)
                  8200c458    00000020     Driver.obj (.const)
                  8200c478    00000020     LEDDriver.obj (.const)
                  8200c498    00000020     Service.obj (.const)
                  8200c4b8    00000014     Scheduler.obj (.const)
                  8200c4cc    00000010     HalInterruptDriver.obj (.const)
                  8200c4dc    00000010     HalLedDriver.obj (.const)
                  8200c4ec    00000010     HalTimerDriver.obj (.const)
                  8200c4fc    00000010     InterruptClass.obj (.const)
                  8200c50c    00000010     LEDClass.obj (.const)
                  8200c51c    00000010     Task.obj (.const)
                  8200c52c    00000010     TaskControlBlock.obj (.const)
                  8200c53c    00000010     TimerClass.obj (.const)
                  8200c54c    0000000f     rtsv5_A_le_tiarm9.lib : typeinfo_.obj (.const:.string)

.cinit     0    8200c55c    00000158     
                  8200c55c    0000005c     rtsv5_A_le_tiarm9.lib : defs.obj (.cinit)
                  8200c5b8    0000005c                           : lowlev.obj (.cinit)
                  8200c614    00000024                           : memory.obj (.cinit)
                  8200c638    00000018                           : _lock.obj (.cinit)
                  8200c650    00000018                           : exit.obj (.cinit)
                  8200c668    0000000c     LEDService.obj (.cinit)
                  8200c674    0000000c     rtsv5_A_le_tiarm9.lib : boot.obj (.cinit)
                  8200c680    0000000c                           : fopen.obj (.cinit)
                  8200c68c    0000000c                           : raisehan.obj (.cinit)
                  8200c698    0000000c                           : stkdepth_vars.obj (.cinit)
                  8200c6a4    0000000c                           : vars.obj (.cinit)
                  8200c6b0    00000004     --HOLE-- [fill = 0]


GLOBAL SYMBOLS: SORTED ALPHABETICALLY BY Name 

address    name
--------   ----
8200bcdc   .bss
82000000   .data
82000000   .text
820076d0   C$$EXIT
82007320   C$$IO$$
820063fc   C_MEMCPY
820059e4   FD_ADD
820070c0   FD_CMP
82005f58   FD_DIV
820067e0   FD_MUL
820059d8   FD_SUB
82007974   FD_TOI
82006c44   I$DIV
82006c44   I$MOD
82007c58   IND_CALL
82006c48   I_DIV
82006c48   I_MOD
82007b00   I_TOFD
82006f0c   U$DIV
82006f0c   U$MOD
820054e0   ULL_DIV
820054e0   ULL_MOD
82006f10   U_DIV
82006f10   U_MOD
820049ec   _HOSTclock
82004980   _HOSTclose
820048dc   _HOSTlseek
8200484c   _HOSTopen
820047c4   _HOSTread
82004724   _HOSTrename
820046c0   _HOSTtime
82004658   _HOSTunlink
820045d0   _HOSTwrite
8200bcdc   __CIOBUF_
820074b8   __Debug_message__3stdFPCcT1
8200c154   __Raise_handler__3std
82009cdc   __STACK_END
00002000   __STACK_SIZE
00002000   __SYSMEM_SIZE
00000001   __TI_args_main
82007230   __TI_auto_init
82007504   __Throw__3stdFRCQ2_3std9exception
8200336c   __Xlen__Q2_3std12_String_baseCFv
82003804   __Xran__Q2_3std12_String_baseCFv
00000102   ___TID_Q2_3std11logic_error
00000101   ___TID_Q2_3std12length_error
00000103   ___TID_Q2_3std12out_of_range
00000100   ___TID_Q2_3std9exception
00000104   ___TID_Q2_3std9type_info
8200c444   ___T_Q2_3std9type_info
82007cd0   ___abort_execution
ffffffff   ___binit__
8200bcdc   ___bss__
ffffffff   ___c_args__
8200c55c   ___cinit__
82004da4   ___ct__10LEDServiceFv
82005e88   ___ct__10TimerClassFPVUi
82001580   ___ct__11TaskManagerFv
82005820   ___ct__12HalLedDriverFv
82006750   ___ct__14HalTimerDriverFv
82007828   ___ct__14InterruptClassFv
82007898   ___ct__16TaskControlBlockFv
820077b8   ___ct__18HalInterruptDriverFv
82005114   ___ct__4TaskFv
82007748   ___ct__6DriverFv
82006d44   ___ct__7ServiceFv
8200657c   ___ct__8LEDClassFi
82006278   ___ct__9LEDDriverFv
82005d1c   ___ct__9SchedulerFv
82000000   ___data__
82007cd4   ___default_new_handler__Fv
82007cb0   ___dl__FPv
82004e00   ___dt__10LEDServiceFv
82005edc   ___dt__10TimerClassFv
820015f0   ___dt__11TaskManagerFv
82005878   ___dt__12HalLedDriverFv
82006798   ___dt__14HalTimerDriverFv
82007864   ___dt__14InterruptClassFv
820078d4   ___dt__16TaskControlBlockFv
820077f4   ___dt__18HalInterruptDriverFv
8200515c   ___dt__4TaskFv
82007784   ___dt__6DriverFv
82006d80   ___dt__7ServiceFv
820065c8   ___dt__8LEDClassFv
820062c8   ___dt__9LEDDriverFv
82005d58   ___dt__9SchedulerFv
82007218   ___dt__Q2_3std9type_infoFv
82000000   ___edata__
8200c160   ___end__
820071e8   ___eq__Q2_3std9type_infoCFRCQ2_3std9type_info
82007cdc   ___etext__
820071b8   ___ne__Q2_3std9type_infoCFRCQ2_3std9type_info
82007a28   ___nw__FUi
82007cc0   ___nw__FUiPv
ffffffff   ___pinit__
82007cc8   ___pure_virtual_called
82000000   ___text__
8200c40c   ___vtbl__10LEDService
8200c53c   ___vtbl__10TimerClass
8200c3b0   ___vtbl__11TaskManager
8200c4dc   ___vtbl__12HalLedDriver
8200c4ec   ___vtbl__14HalTimerDriver
8200c4fc   ___vtbl__14InterruptClass
8200c52c   ___vtbl__16TaskControlBlock
8200c4cc   ___vtbl__18HalInterruptDriver
8200c51c   ___vtbl__4Task
8200c458   ___vtbl__6Driver
8200c498   ___vtbl__7Service
8200c50c   ___vtbl__8LEDClass
8200c478   ___vtbl__9LEDDriver
8200c4b8   ___vtbl__9Scheduler
8200c434   ___vtbl__Q2_3std9type_info
82007c38   __args_main
82005320   __cleanup
8200c130   __cleanup_ptr
8200c160   __ctypes_
82006b34   __doflush
8200c134   __dtors_ptr
8200c148   __ft_end
8200bdfc   __ftable
8200c128   __lock
8200c15c   __new_handler
82007c2c   __nop
82002f40   __printfi
820069a8   __rd_ok
82007c20   __register_lock
82007c14   __register_unlock
82007cdc   __stack
82009cdc   __sys_memory
8200bfb4   __tmpnams
8200c12c   __unlock
82006908   __wrt_ok
820076d8   _abort
8200448c   _add_device
82007548   _atoi
82007188   _before__Q2_3std9type_infoCFRCQ2_3std9type_info
82007abc   _c_int00
82003f4c   _calloc
820043fc   _close
820079d0   _copy_in
8200162c   _createTask__11TaskManagerFPFv_v
820016dc   _deleteTask__11TaskManagerFi
82005da8   _enableInterrupt__10TimerClassFv
820076e4   _exit
82007420   _fclose
82006bb8   _fflush
820043f8   _find_registered_device
82005474   _fopen
82006fec   _fputc
820060e8   _fputs
82003b28   _free
82005384   _freopen
82007650   _fseek
82004c74   _getLEDState__10LEDServiceF3LED
82005d88   _getNextTask__9SchedulerFQ2_3std51list__tm__39_P4TaskQ2_3std23allocator__tm__7_P4Task
82004568   _getenv
82005f0c   _init__10TimerClassFv
8200667c   _isOff__8LEDClassFv
8200596c   _isOn__12HalLedDriverF3LED
820057bc   _ledClassForEnum__12HalLedDriverF3LED
820058fc   _ledOff__12HalLedDriverF3LED
820058c4   _ledOn__12HalLedDriverF3LED
82004380   _lseek
820075cc   _ltoa
82006ea0   _main
8200c158   _main_func_sp
82003a70   _malloc
82003e10   _memalign
82007bc4   _memccpy
82007b6c   _memchr
82007b3c   _memmove
82007380   _memset
82003970   _minit
82007180   _name__Q2_3std9type_infoCFv
8200c4c8   _npos__Q2_3std78basic_string__tm__58_cQ2_3std20char_traits__tm__2_cQ2_3std18allocator__tm__2_c
820042b0   _open
82007908   _printf
82006fec   _putc
820070b4   _putchar
82006244   _puts
820041cc   _read
82004b00   _readInput__10LEDServiceFv
8200639c   _read__9LEDDriverFPUc
82007328   _readmsg
82003c84   _realloc
82007cd8   _remove
82004180   _remove_device
82004114   _rename
82006de8   _restart__7ServiceFv
82006db0   _run__7ServiceFv
820016f8   _scheduleTask__11TaskManagerFv
82005e60   _setCompareValue__10TimerClassFv
82005e08   _setInternalCounter__10TimerClassFv
82005dd8   _setOptionalFeatures__10TimerClassFv
82005e38   _setTimerLoadValues__10TimerClassFv
82006a20   _setvbuf
82004ca0   _start__10LEDServiceFv
8200c144   _stkchk_called
82004e4c   _stop__10LEDServiceFv
82007bec   _strchr
82007b98   _strcmp
82007c78   _strcpy
82007c94   _strlen
82007a74   _strncpy
82004a94   _switchLEDOff__10LEDServiceF3LED
82004a60   _switchLEDOn__10LEDServiceF3LED
82006650   _switchOff__8LEDClassFv
82006624   _switchOn__8LEDClassFv
82006e28   _task1__Fv
82006e64   _task2__Fv
82006708   _timerClassForEnum__14HalTimerDriverF5Timer
82004acc   _toggleLED__10LEDServiceF3LED
82005934   _toggle__12HalLedDriverF3LED
820065f8   _toggle__8LEDClassFv
820040d0   _unlink
82003fa4   _write
82006314   _write__9LEDDriverFPUc
820072d8   _writemsg
ffffffff   binit
8200c55c   cinit
82000000   edata
8200c160   end
82007cdc   etext
ffffffff   pinit


GLOBAL SYMBOLS: SORTED BY Symbol Address 

address    name
--------   ----
00000001   __TI_args_main
00000100   ___TID_Q2_3std9exception
00000101   ___TID_Q2_3std12length_error
00000102   ___TID_Q2_3std11logic_error
00000103   ___TID_Q2_3std12out_of_range
00000104   ___TID_Q2_3std9type_info
00002000   __STACK_SIZE
00002000   __SYSMEM_SIZE
82000000   .data
82000000   .text
82000000   ___data__
82000000   ___edata__
82000000   ___text__
82000000   edata
82001580   ___ct__11TaskManagerFv
820015f0   ___dt__11TaskManagerFv
8200162c   _createTask__11TaskManagerFPFv_v
820016dc   _deleteTask__11TaskManagerFi
820016f8   _scheduleTask__11TaskManagerFv
82002f40   __printfi
8200336c   __Xlen__Q2_3std12_String_baseCFv
82003804   __Xran__Q2_3std12_String_baseCFv
82003970   _minit
82003a70   _malloc
82003b28   _free
82003c84   _realloc
82003e10   _memalign
82003f4c   _calloc
82003fa4   _write
820040d0   _unlink
82004114   _rename
82004180   _remove_device
820041cc   _read
820042b0   _open
82004380   _lseek
820043f8   _find_registered_device
820043fc   _close
8200448c   _add_device
82004568   _getenv
820045d0   _HOSTwrite
82004658   _HOSTunlink
820046c0   _HOSTtime
82004724   _HOSTrename
820047c4   _HOSTread
8200484c   _HOSTopen
820048dc   _HOSTlseek
82004980   _HOSTclose
820049ec   _HOSTclock
82004a60   _switchLEDOn__10LEDServiceF3LED
82004a94   _switchLEDOff__10LEDServiceF3LED
82004acc   _toggleLED__10LEDServiceF3LED
82004b00   _readInput__10LEDServiceFv
82004c74   _getLEDState__10LEDServiceF3LED
82004ca0   _start__10LEDServiceFv
82004da4   ___ct__10LEDServiceFv
82004e00   ___dt__10LEDServiceFv
82004e4c   _stop__10LEDServiceFv
82005114   ___ct__4TaskFv
8200515c   ___dt__4TaskFv
82005320   __cleanup
82005384   _freopen
82005474   _fopen
820054e0   ULL_DIV
820054e0   ULL_MOD
820057bc   _ledClassForEnum__12HalLedDriverF3LED
82005820   ___ct__12HalLedDriverFv
82005878   ___dt__12HalLedDriverFv
820058c4   _ledOn__12HalLedDriverF3LED
820058fc   _ledOff__12HalLedDriverF3LED
82005934   _toggle__12HalLedDriverF3LED
8200596c   _isOn__12HalLedDriverF3LED
820059d8   FD_SUB
820059e4   FD_ADD
82005d1c   ___ct__9SchedulerFv
82005d58   ___dt__9SchedulerFv
82005d88   _getNextTask__9SchedulerFQ2_3std51list__tm__39_P4TaskQ2_3std23allocator__tm__7_P4Task
82005da8   _enableInterrupt__10TimerClassFv
82005dd8   _setOptionalFeatures__10TimerClassFv
82005e08   _setInternalCounter__10TimerClassFv
82005e38   _setTimerLoadValues__10TimerClassFv
82005e60   _setCompareValue__10TimerClassFv
82005e88   ___ct__10TimerClassFPVUi
82005edc   ___dt__10TimerClassFv
82005f0c   _init__10TimerClassFv
82005f58   FD_DIV
820060e8   _fputs
82006244   _puts
82006278   ___ct__9LEDDriverFv
820062c8   ___dt__9LEDDriverFv
82006314   _write__9LEDDriverFPUc
8200639c   _read__9LEDDriverFPUc
820063fc   C_MEMCPY
8200657c   ___ct__8LEDClassFi
820065c8   ___dt__8LEDClassFv
820065f8   _toggle__8LEDClassFv
82006624   _switchOn__8LEDClassFv
82006650   _switchOff__8LEDClassFv
8200667c   _isOff__8LEDClassFv
82006708   _timerClassForEnum__14HalTimerDriverF5Timer
82006750   ___ct__14HalTimerDriverFv
82006798   ___dt__14HalTimerDriverFv
820067e0   FD_MUL
82006908   __wrt_ok
820069a8   __rd_ok
82006a20   _setvbuf
82006b34   __doflush
82006bb8   _fflush
82006c44   I$DIV
82006c44   I$MOD
82006c48   I_DIV
82006c48   I_MOD
82006d44   ___ct__7ServiceFv
82006d80   ___dt__7ServiceFv
82006db0   _run__7ServiceFv
82006de8   _restart__7ServiceFv
82006e28   _task1__Fv
82006e64   _task2__Fv
82006ea0   _main
82006f0c   U$DIV
82006f0c   U$MOD
82006f10   U_DIV
82006f10   U_MOD
82006fec   _fputc
82006fec   _putc
820070b4   _putchar
820070c0   FD_CMP
82007180   _name__Q2_3std9type_infoCFv
82007188   _before__Q2_3std9type_infoCFRCQ2_3std9type_info
820071b8   ___ne__Q2_3std9type_infoCFRCQ2_3std9type_info
820071e8   ___eq__Q2_3std9type_infoCFRCQ2_3std9type_info
82007218   ___dt__Q2_3std9type_infoFv
82007230   __TI_auto_init
820072d8   _writemsg
82007320   C$$IO$$
82007328   _readmsg
82007380   _memset
82007420   _fclose
820074b8   __Debug_message__3stdFPCcT1
82007504   __Throw__3stdFRCQ2_3std9exception
82007548   _atoi
820075cc   _ltoa
82007650   _fseek
820076d0   C$$EXIT
820076d8   _abort
820076e4   _exit
82007748   ___ct__6DriverFv
82007784   ___dt__6DriverFv
820077b8   ___ct__18HalInterruptDriverFv
820077f4   ___dt__18HalInterruptDriverFv
82007828   ___ct__14InterruptClassFv
82007864   ___dt__14InterruptClassFv
82007898   ___ct__16TaskControlBlockFv
820078d4   ___dt__16TaskControlBlockFv
82007908   _printf
82007974   FD_TOI
820079d0   _copy_in
82007a28   ___nw__FUi
82007a74   _strncpy
82007abc   _c_int00
82007b00   I_TOFD
82007b3c   _memmove
82007b6c   _memchr
82007b98   _strcmp
82007bc4   _memccpy
82007bec   _strchr
82007c14   __register_unlock
82007c20   __register_lock
82007c2c   __nop
82007c38   __args_main
82007c58   IND_CALL
82007c78   _strcpy
82007c94   _strlen
82007cb0   ___dl__FPv
82007cc0   ___nw__FUiPv
82007cc8   ___pure_virtual_called
82007cd0   ___abort_execution
82007cd4   ___default_new_handler__Fv
82007cd8   _remove
82007cdc   ___etext__
82007cdc   __stack
82007cdc   etext
82009cdc   __STACK_END
82009cdc   __sys_memory
8200bcdc   .bss
8200bcdc   __CIOBUF_
8200bcdc   ___bss__
8200bdfc   __ftable
8200bfb4   __tmpnams
8200c128   __lock
8200c12c   __unlock
8200c130   __cleanup_ptr
8200c134   __dtors_ptr
8200c144   _stkchk_called
8200c148   __ft_end
8200c154   __Raise_handler__3std
8200c158   _main_func_sp
8200c15c   __new_handler
8200c160   ___end__
8200c160   __ctypes_
8200c160   end
8200c3b0   ___vtbl__11TaskManager
8200c40c   ___vtbl__10LEDService
8200c434   ___vtbl__Q2_3std9type_info
8200c444   ___T_Q2_3std9type_info
8200c458   ___vtbl__6Driver
8200c478   ___vtbl__9LEDDriver
8200c498   ___vtbl__7Service
8200c4b8   ___vtbl__9Scheduler
8200c4c8   _npos__Q2_3std78basic_string__tm__58_cQ2_3std20char_traits__tm__2_cQ2_3std18allocator__tm__2_c
8200c4cc   ___vtbl__18HalInterruptDriver
8200c4dc   ___vtbl__12HalLedDriver
8200c4ec   ___vtbl__14HalTimerDriver
8200c4fc   ___vtbl__14InterruptClass
8200c50c   ___vtbl__8LEDClass
8200c51c   ___vtbl__4Task
8200c52c   ___vtbl__16TaskControlBlock
8200c53c   ___vtbl__10TimerClass
8200c55c   ___cinit__
8200c55c   cinit
ffffffff   ___binit__
ffffffff   ___c_args__
ffffffff   ___pinit__
ffffffff   binit
ffffffff   pinit

[224 symbols]
