******************************************************************************
                  TMS470 Linker PC v4.6.3                      
******************************************************************************
>> Linked Thu Oct 20 18:00:57 2011

OUTPUT FILE NAME:   <BOSS.out>
ENTRY POINT SYMBOL: "_c_int00"  address: 820070fc


MEMORY CONFIGURATION

         name            origin    length      used     unused   attr    fill
----------------------  --------  ---------  --------  --------  ----  --------
  int_ram               40200000   0000ffff  00000000  0000ffff  RWIX
  ext_ddr               82000000   00010000  0000bc5b  000043a5  RWIX


SECTION ALLOCATION MAP

 output                                  attributes/
section   page    origin      length       input sections
--------  ----  ----------  ----------   ----------------
.data      0    82000000    00000000     UNINITIALIZED

.text      0    82000000    0000731c     
                  82000000    00001afc     TaskManager.obj (.text)
                  82001afc    0000160c     rtsv5_A_le_tiarm9.lib : _printfi.obj (.text)
                  82003108    000007b8                           : string.obj (.text)
                  820038c0    00000634                           : memory.obj (.text)
                  82003ef4    000005c4                           : lowlev.obj (.text)
                  820044b8    000004f8                           : trgdrv.obj (.text)
                  820049b0    00000314     Task.obj (.text)
                  82004cc4    00000300     rtsv5_A_le_tiarm9.lib : fopen.obj (.text)
                  82004fc4    0000028c                           : ull_div32.obj (.text)
                  82005250    0000026c     HalLedDriver.obj (.text)
                  820054bc    00000214     rtsv5_A_le_tiarm9.lib : fd_add32.obj (.text)
                  820056d0    000001bc     Scheduler.obj (.text)
                  8200588c    00000190     rtsv5_A_le_tiarm9.lib : fd_div32.obj (.text)
                  82005a1c    00000190                           : fputs.obj (.text)
                  82005bac    00000184     LEDDriver.obj (.text)
                  82005d30    00000180     rtsv5_A_le_tiarm9.lib : memcpy32.obj (.text)
                  82005eb0    0000013c     LED.obj (.text)
                  82005fec    00000128     rtsv5_A_le_tiarm9.lib : fd_mul32.obj (.text)
                  82006114    00000118                           : _io_perm.obj (.text)
                  8200622c    00000114                           : setvbuf.obj (.text)
                  82006340    00000110                           : fflush.obj (.text)
                  82006450    00000100                           : i_div32.obj (.text)
                  82006550    000000e0                           : u_div32.obj (.text)
                  82006630    000000dc     TestDriver.obj (.text)
                  8200670c    000000d4     rtsv5_A_le_tiarm9.lib : fputc.obj (.text)
                  820067e0    000000c0                           : fd_cmp32.obj (.text)
                  820068a0    000000b0                           : typeinfo_.obj (.text)
                  82006950    000000a8                           : auto_init.obj (.text)
                  820069f8    000000a8                           : trgmsg.obj (.text)
                  82006aa0    000000a0                           : memset32.obj (.text)
                  82006b40    00000098                           : fclose.obj (.text)
                  82006bd8    00000090                           : throw.obj (.text)
                  82006c68    00000084                           : atoi.obj (.text)
                  82006cec    00000084                           : ltoa.obj (.text)
                  82006d70    00000080                           : fseek.obj (.text)
                  82006df0    00000078                           : exit.obj (.text)
                  82006e68    00000070     Driver.obj (.text)
                  82006ed8    00000070     TaskControlBlock.obj (.text)
                  82006f48    0000006c     rtsv5_A_le_tiarm9.lib : printf.obj (.text)
                  82006fb4    0000005c                           : fd_toi32.obj (.text)
                  82007010    00000058                           : cpy_tbl.obj (.text)
                  82007068    0000004c                           : new_.obj (.text)
                  820070b4    00000048                           : strncpy.obj (.text)
                  820070fc    00000044                           : boot.obj (.text)
                  82007140    0000003c                           : i_tofd32.obj (.text)
                  8200717c    00000030                           : memmov.obj (.text)
                  820071ac    0000002c                           : memchr.obj (.text)
                  820071d8    0000002c                           : strcmp.obj (.text)
                  82007204    00000028                           : memccpy.obj (.text)
                  8200722c    00000028                           : strchr.obj (.text)
                  82007254    00000024                           : _lock.obj (.text)
                  82007278    00000020                           : args_main.obj (.text)
                  82007298    00000020                           : icall32.obj (.text)
                  820072b8    0000001c                           : strcpy.obj (.text)
                  820072d4    0000001c                           : strlen.obj (.text)
                  820072f0    00000010                           : delete.obj (.text)
                  82007300    00000008                           : placenew.obj (.text)
                  82007308    00000008                           : pure_virt.obj (.text)
                  82007310    00000004                           : error.obj (.text)
                  82007314    00000004                           : newhandler.obj (.text)
                  82007318    00000004                           : remove.obj (.text)

.stack     0    8200731c    00002000     UNINITIALIZED
                  8200731c    00002000     --HOLE--

.sysmem    0    8200931c    00002000     UNINITIALIZED
                  8200931c    00000008     rtsv5_A_le_tiarm9.lib : memory.obj (.sysmem)
                  82009324    00001ff8     --HOLE--

.bss       0    8200b31c    00000480     UNINITIALIZED
                  8200b31c    00000120     rtsv5_A_le_tiarm9.lib : trgmsg.obj (.bss:__CIOBUF_)
                  8200b43c    000000f0                           : defs.obj (.bss:__ftable)
                  8200b52c    000000c8                           : trgdrv.obj (.bss:_result$1)
                  8200b5f4    000000a0                           : defs.obj (.bss:__tmpnams)
                  8200b694    00000078                           : lowlev.obj (.bss:__device)
                  8200b70c    00000050                           : lowlev.obj (.bss:__stream)
                  8200b75c    0000000c                           : memory.obj (.bss)
                  8200b768    00000008                           : _lock.obj (.bss)
                  8200b770    00000008                           : exit.obj (.bss)
                  8200b778    00000008                           : trgdrv.obj (.bss)
                  8200b780    00000004                           : boot.obj (.bss)
                  8200b784    00000004                           : defs.obj (.bss)
                  8200b788    00000004                           : fopen.obj (.bss)
                  8200b78c    00000004                           : lowlev.obj (.bss)
                  8200b790    00000004                           : raisehan.obj (.bss)
                  8200b794    00000004                           : stkdepth_vars.obj (.bss)
                  8200b798    00000004                           : vars.obj (.bss)

.const     0    8200b79c    00000373     
                  8200b79c    00000101     rtsv5_A_le_tiarm9.lib : ctype.obj (.const:__ctypes_)
                  8200b89d    00000003     --HOLE-- [fill = 0]
                  8200b8a0    000000ec                           : string.obj (.const)
                  8200b98c    00000070     TaskManager.obj (.const)
                  8200b9fc    0000004a     rtsv5_A_le_tiarm9.lib : string.obj (.const:.string)
                  8200ba46    00000002     --HOLE-- [fill = 0]
                  8200ba48    00000024                           : typeinfo_.obj (.const)
                  8200ba6c    00000020     Driver.obj (.const)
                  8200ba8c    00000020     LEDDriver.obj (.const)
                  8200baac    00000014     Scheduler.obj (.const)
                  8200bac0    00000010     HalLedDriver.obj (.const)
                  8200bad0    00000010     LED.obj (.const)
                  8200bae0    00000010     Task.obj (.const)
                  8200baf0    00000010     TaskControlBlock.obj (.const)
                  8200bb00    0000000f     rtsv5_A_le_tiarm9.lib : typeinfo_.obj (.const:.string)

.cinit     0    8200bb10    0000014c     
                  8200bb10    0000005c     rtsv5_A_le_tiarm9.lib : defs.obj (.cinit)
                  8200bb6c    0000005c                           : lowlev.obj (.cinit)
                  8200bbc8    00000024                           : memory.obj (.cinit)
                  8200bbec    00000018                           : _lock.obj (.cinit)
                  8200bc04    00000018                           : exit.obj (.cinit)
                  8200bc1c    0000000c                           : boot.obj (.cinit)
                  8200bc28    0000000c                           : fopen.obj (.cinit)
                  8200bc34    0000000c                           : raisehan.obj (.cinit)
                  8200bc40    0000000c                           : stkdepth_vars.obj (.cinit)
                  8200bc4c    0000000c                           : vars.obj (.cinit)
                  8200bc58    00000004     --HOLE-- [fill = 0]


GLOBAL SYMBOLS: SORTED ALPHABETICALLY BY Name 

address    name
--------   ----
8200b31c   .bss
82000000   .data
82000000   .text
82006df0   C$$EXIT
82006a40   C$$IO$$
82005d30   C_MEMCPY
820054c8   FD_ADD
820067e0   FD_CMP
8200588c   FD_DIV
82005fec   FD_MUL
820054bc   FD_SUB
82006fb4   FD_TOI
82006450   I$DIV
82006450   I$MOD
82007298   IND_CALL
82006454   I_DIV
82006454   I_MOD
82007140   I_TOFD
82006550   U$DIV
82006550   U$MOD
82004fc4   ULL_DIV
82004fc4   ULL_MOD
82006554   U_DIV
82006554   U_MOD
8200493c   _HOSTclock
820048d0   _HOSTclose
8200482c   _HOSTlseek
8200479c   _HOSTopen
82004714   _HOSTread
82004674   _HOSTrename
82004610   _HOSTtime
820045a8   _HOSTunlink
82004520   _HOSTwrite
8200b31c   __CIOBUF_
82006bd8   __Debug_message__3stdFPCcT1
8200b790   __Raise_handler__3std
8200931c   __STACK_END
00002000   __STACK_SIZE
00002000   __SYSMEM_SIZE
00000001   __TI_args_main
82006950   __TI_auto_init
82006c24   __Throw__3stdFRCQ2_3std9exception
820032bc   __Xlen__Q2_3std12_String_baseCFv
82003754   __Xran__Q2_3std12_String_baseCFv
00000102   ___TID_Q2_3std11logic_error
00000101   ___TID_Q2_3std12length_error
00000103   ___TID_Q2_3std12out_of_range
00000100   ___TID_Q2_3std9exception
00000104   ___TID_Q2_3std9type_info
8200ba58   ___T_Q2_3std9type_info
82007310   ___abort_execution
ffffffff   ___binit__
8200b31c   ___bss__
ffffffff   ___c_args__
8200bb10   ___cinit__
820014e0   ___ct__11TaskManagerFv
82005304   ___ct__12HalLedDriverFv
82006ed8   ___ct__16TaskControlBlockFv
82004bf8   ___ct__4TaskFv
82006e68   ___ct__6DriverFv
82005eb0   ___ct__8LEDClassFi
82005bac   ___ct__9LEDDriverFv
82005800   ___ct__9SchedulerFv
82000000   ___data__
82007314   ___default_new_handler__Fv
820072f0   ___dl__FPv
82001550   ___dt__11TaskManagerFv
8200535c   ___dt__12HalLedDriverFv
82006f14   ___dt__16TaskControlBlockFv
82004c40   ___dt__4TaskFv
82006ea4   ___dt__6DriverFv
82005efc   ___dt__8LEDClassFv
82005bfc   ___dt__9LEDDriverFv
8200583c   ___dt__9SchedulerFv
82006938   ___dt__Q2_3std9type_infoFv
82000000   ___edata__
8200b79c   ___end__
82006908   ___eq__Q2_3std9type_infoCFRCQ2_3std9type_info
8200731c   ___etext__
820068d8   ___ne__Q2_3std9type_infoCFRCQ2_3std9type_info
82007068   ___nw__FUi
82007300   ___nw__FUiPv
ffffffff   ___pinit__
82007308   ___pure_virtual_called
82000000   ___text__
8200b9ec   ___vtbl__11TaskManager
8200bac0   ___vtbl__12HalLedDriver
8200baf0   ___vtbl__16TaskControlBlock
8200bae0   ___vtbl__4Task
8200ba6c   ___vtbl__6Driver
8200bad0   ___vtbl__8LEDClass
8200ba8c   ___vtbl__9LEDDriver
8200baac   ___vtbl__9Scheduler
8200ba48   ___vtbl__Q2_3std9type_info
82007278   __args_main
82004e04   __cleanup
8200b770   __cleanup_ptr
8200b79c   __ctypes_
82006340   __doflush
8200b774   __dtors_ptr
8200b784   __ft_end
8200b43c   __ftable
8200b768   __lock
8200b798   __new_handler
8200726c   __nop
82002e90   __printfi
820061b4   __rd_ok
82007260   __register_lock
82007254   __register_unlock
8200731c   __stack
8200931c   __sys_memory
8200b5f4   __tmpnams
8200b76c   __unlock
82006114   __wrt_ok
82006df8   _abort
820043dc   _add_device
82006c68   _atoi
820068a8   _before__Q2_3std9type_infoCFRCQ2_3std9type_info
820070fc   _c_int00
82003e9c   _calloc
8200434c   _close
82007010   _copy_in
8200158c   _createTask__11TaskManagerFPFv_v
82001638   _deleteTask__11TaskManagerFi
82006e04   _exit
82006b40   _fclose
820063c4   _fflush
82004348   _find_registered_device
82004f58   _fopen
8200670c   _fputc
82005a1c   _fputs
82003a78   _free
82004e68   _freopen
82006d70   _fseek
8200586c   _getNextTask__9SchedulerFQ2_3std51list__tm__39_P4TaskQ2_3std23allocator__tm__7_P4Task
820044b8   _getenv
82005fb0   _isOff__8LEDClassFv
82005450   _isOn__12HalLedDriverF3LED
820052a0   _ledClassForEnum__12HalLedDriverF3LED
820053e0   _ledOff__12HalLedDriverF3LED
820053a8   _ledOn__12HalLedDriverF3LED
820042d0   _lseek
82006cec   _ltoa
820066a8   _main
8200b794   _main_func_sp
820039c0   _malloc
82003d60   _memalign
82007204   _memccpy
820071ac   _memchr
8200717c   _memmove
82006aa0   _memset
820038c0   _minit
820068a0   _name__Q2_3std9type_infoCFv
8200babc   _npos__Q2_3std78basic_string__tm__58_cQ2_3std20char_traits__tm__2_cQ2_3std18allocator__tm__2_c
82004200   _open
82006f48   _printf
8200670c   _putc
820067d4   _putchar
82005b78   _puts
8200411c   _read
82005cd0   _read__9LEDDriverFPUc
82006a48   _readmsg
82003bd4   _realloc
82007318   _remove
820040d0   _remove_device
82004064   _rename
82001654   _scheduleTask__11TaskManagerFv
8200622c   _setvbuf
8200b780   _stkchk_called
8200722c   _strchr
820071d8   _strcmp
820072b8   _strcpy
820072d4   _strlen
820070b4   _strncpy
82005f84   _switchOff__8LEDClassFv
82005f58   _switchOn__8LEDClassFv
82006630   _task1__Fv
8200666c   _task2__Fv
82005418   _toggle__12HalLedDriverF3LED
82005f2c   _toggle__8LEDClassFv
82004020   _unlink
82003ef4   _write
82005c48   _write__9LEDDriverFPUc
820069f8   _writemsg
ffffffff   binit
8200bb10   cinit
82000000   edata
8200b79c   end
8200731c   etext
ffffffff   pinit


GLOBAL SYMBOLS: SORTED BY Symbol Address 

address    name
--------   ----
00000001   __TI_args_main
00000100   ___TID_Q2_3std9exception
00000101   ___TID_Q2_3std12length_error
00000102   ___TID_Q2_3std11logic_error
00000103   ___TID_Q2_3std12out_of_range
00000104   ___TID_Q2_3std9type_info
00002000   __STACK_SIZE
00002000   __SYSMEM_SIZE
82000000   .data
82000000   .text
82000000   ___data__
82000000   ___edata__
82000000   ___text__
82000000   edata
820014e0   ___ct__11TaskManagerFv
82001550   ___dt__11TaskManagerFv
8200158c   _createTask__11TaskManagerFPFv_v
82001638   _deleteTask__11TaskManagerFi
82001654   _scheduleTask__11TaskManagerFv
82002e90   __printfi
820032bc   __Xlen__Q2_3std12_String_baseCFv
82003754   __Xran__Q2_3std12_String_baseCFv
820038c0   _minit
820039c0   _malloc
82003a78   _free
82003bd4   _realloc
82003d60   _memalign
82003e9c   _calloc
82003ef4   _write
82004020   _unlink
82004064   _rename
820040d0   _remove_device
8200411c   _read
82004200   _open
820042d0   _lseek
82004348   _find_registered_device
8200434c   _close
820043dc   _add_device
820044b8   _getenv
82004520   _HOSTwrite
820045a8   _HOSTunlink
82004610   _HOSTtime
82004674   _HOSTrename
82004714   _HOSTread
8200479c   _HOSTopen
8200482c   _HOSTlseek
820048d0   _HOSTclose
8200493c   _HOSTclock
82004bf8   ___ct__4TaskFv
82004c40   ___dt__4TaskFv
82004e04   __cleanup
82004e68   _freopen
82004f58   _fopen
82004fc4   ULL_DIV
82004fc4   ULL_MOD
820052a0   _ledClassForEnum__12HalLedDriverF3LED
82005304   ___ct__12HalLedDriverFv
8200535c   ___dt__12HalLedDriverFv
820053a8   _ledOn__12HalLedDriverF3LED
820053e0   _ledOff__12HalLedDriverF3LED
82005418   _toggle__12HalLedDriverF3LED
82005450   _isOn__12HalLedDriverF3LED
820054bc   FD_SUB
820054c8   FD_ADD
82005800   ___ct__9SchedulerFv
8200583c   ___dt__9SchedulerFv
8200586c   _getNextTask__9SchedulerFQ2_3std51list__tm__39_P4TaskQ2_3std23allocator__tm__7_P4Task
8200588c   FD_DIV
82005a1c   _fputs
82005b78   _puts
82005bac   ___ct__9LEDDriverFv
82005bfc   ___dt__9LEDDriverFv
82005c48   _write__9LEDDriverFPUc
82005cd0   _read__9LEDDriverFPUc
82005d30   C_MEMCPY
82005eb0   ___ct__8LEDClassFi
82005efc   ___dt__8LEDClassFv
82005f2c   _toggle__8LEDClassFv
82005f58   _switchOn__8LEDClassFv
82005f84   _switchOff__8LEDClassFv
82005fb0   _isOff__8LEDClassFv
82005fec   FD_MUL
82006114   __wrt_ok
820061b4   __rd_ok
8200622c   _setvbuf
82006340   __doflush
820063c4   _fflush
82006450   I$DIV
82006450   I$MOD
82006454   I_DIV
82006454   I_MOD
82006550   U$DIV
82006550   U$MOD
82006554   U_DIV
82006554   U_MOD
82006630   _task1__Fv
8200666c   _task2__Fv
820066a8   _main
8200670c   _fputc
8200670c   _putc
820067d4   _putchar
820067e0   FD_CMP
820068a0   _name__Q2_3std9type_infoCFv
820068a8   _before__Q2_3std9type_infoCFRCQ2_3std9type_info
820068d8   ___ne__Q2_3std9type_infoCFRCQ2_3std9type_info
82006908   ___eq__Q2_3std9type_infoCFRCQ2_3std9type_info
82006938   ___dt__Q2_3std9type_infoFv
82006950   __TI_auto_init
820069f8   _writemsg
82006a40   C$$IO$$
82006a48   _readmsg
82006aa0   _memset
82006b40   _fclose
82006bd8   __Debug_message__3stdFPCcT1
82006c24   __Throw__3stdFRCQ2_3std9exception
82006c68   _atoi
82006cec   _ltoa
82006d70   _fseek
82006df0   C$$EXIT
82006df8   _abort
82006e04   _exit
82006e68   ___ct__6DriverFv
82006ea4   ___dt__6DriverFv
82006ed8   ___ct__16TaskControlBlockFv
82006f14   ___dt__16TaskControlBlockFv
82006f48   _printf
82006fb4   FD_TOI
82007010   _copy_in
82007068   ___nw__FUi
820070b4   _strncpy
820070fc   _c_int00
82007140   I_TOFD
8200717c   _memmove
820071ac   _memchr
820071d8   _strcmp
82007204   _memccpy
8200722c   _strchr
82007254   __register_unlock
82007260   __register_lock
8200726c   __nop
82007278   __args_main
82007298   IND_CALL
820072b8   _strcpy
820072d4   _strlen
820072f0   ___dl__FPv
82007300   ___nw__FUiPv
82007308   ___pure_virtual_called
82007310   ___abort_execution
82007314   ___default_new_handler__Fv
82007318   _remove
8200731c   ___etext__
8200731c   __stack
8200731c   etext
8200931c   __STACK_END
8200931c   __sys_memory
8200b31c   .bss
8200b31c   __CIOBUF_
8200b31c   ___bss__
8200b43c   __ftable
8200b5f4   __tmpnams
8200b768   __lock
8200b76c   __unlock
8200b770   __cleanup_ptr
8200b774   __dtors_ptr
8200b780   _stkchk_called
8200b784   __ft_end
8200b790   __Raise_handler__3std
8200b794   _main_func_sp
8200b798   __new_handler
8200b79c   ___end__
8200b79c   __ctypes_
8200b79c   end
8200b9ec   ___vtbl__11TaskManager
8200ba48   ___vtbl__Q2_3std9type_info
8200ba58   ___T_Q2_3std9type_info
8200ba6c   ___vtbl__6Driver
8200ba8c   ___vtbl__9LEDDriver
8200baac   ___vtbl__9Scheduler
8200babc   _npos__Q2_3std78basic_string__tm__58_cQ2_3std20char_traits__tm__2_cQ2_3std18allocator__tm__2_c
8200bac0   ___vtbl__12HalLedDriver
8200bad0   ___vtbl__8LEDClass
8200bae0   ___vtbl__4Task
8200baf0   ___vtbl__16TaskControlBlock
8200bb10   ___cinit__
8200bb10   cinit
ffffffff   ___binit__
ffffffff   ___c_args__
ffffffff   ___pinit__
ffffffff   binit
ffffffff   pinit

[190 symbols]
