******************************************************************************
                  TMS470 Linker PC v4.6.3                      
******************************************************************************
>> Linked Thu Oct 20 13:55:08 2011

OUTPUT FILE NAME:   <BOSS.out>
ENTRY POINT SYMBOL: "_c_int00"  address: 820058ec


MEMORY CONFIGURATION

         name            origin    length      used     unused   attr    fill
----------------------  --------  ---------  --------  --------  ----  --------
  int_ram               40200000   0000ffff  00000000  0000ffff  RWIX
  ext_ddr               82000000   00010000  00005b00  0000a500  RWIX


SECTION ALLOCATION MAP

 output                                  attributes/
section   page    origin      length       input sections
--------  ----  ----------  ----------   ----------------
.stack     0    82000000    00002000     UNINITIALIZED
                  82000000    00002000     --HOLE--

.data      0    82000000    00000000     UNINITIALIZED

.sysmem    0    82002000    00002000     UNINITIALIZED
                  82002000    00000008     rtsv5_A_le_tiarm9.lib : memory.obj (.sysmem)
                  82002008    00001ff8     --HOLE--

.text      0    82004000    000019bc     
                  82004000    00000634     rtsv5_A_le_tiarm9.lib : memory.obj (.text)
                  82004634    000005e4     TaskManager.obj (.text)
                  82004c18    00000314     Task.obj (.text)
                  82004f2c    0000026c     HalLedDriver.obj (.text)
                  82005198    00000184     LEDDriver.obj (.text)
                  8200531c    00000180     rtsv5_A_le_tiarm9.lib : memcpy32.obj (.text)
                  8200549c    0000013c     LED.obj (.text)
                  820055d8    000000a8     rtsv5_A_le_tiarm9.lib : auto_init.obj (.text)
                  82005680    00000078                           : exit.obj (.text)
                  820056f8    00000070     Driver.obj (.text)
                  82005768    00000070     Scheduler.obj (.text)
                  820057d8    00000070     TaskControlBlock.obj (.text)
                  82005848    00000058     rtsv5_A_le_tiarm9.lib : cpy_tbl.obj (.text)
                  820058a0    0000004c                           : new_.obj (.text)
                  820058ec    00000044                           : boot.obj (.text)
                  82005930    00000024                           : _lock.obj (.text)
                  82005954    00000020                           : args_main.obj (.text)
                  82005974    00000020                           : icall32.obj (.text)
                  82005994    00000010                           : delete.obj (.text)
                  820059a4    00000008                           : placenew.obj (.text)
                  820059ac    00000008                           : pure_virt.obj (.text)
                  820059b4    00000004                           : error.obj (.text)
                  820059b8    00000004                           : newhandler.obj (.text)

.const     0    820059bc    000000a0     
                  820059bc    00000020     Driver.obj (.const)
                  820059dc    00000020     LEDDriver.obj (.const)
                  820059fc    00000010     HalLedDriver.obj (.const)
                  82005a0c    00000010     LED.obj (.const)
                  82005a1c    00000010     Scheduler.obj (.const)
                  82005a2c    00000010     Task.obj (.const)
                  82005a3c    00000010     TaskControlBlock.obj (.const)
                  82005a4c    00000010     TaskManager.obj (.const)

.cinit     0    82005a5c    0000007c     
                  82005a5c    00000024     rtsv5_A_le_tiarm9.lib : memory.obj (.cinit)
                  82005a80    00000018                           : _lock.obj (.cinit)
                  82005a98    00000018                           : exit.obj (.cinit)
                  82005ab0    0000000c                           : boot.obj (.cinit)
                  82005abc    0000000c                           : stkdepth_vars.obj (.cinit)
                  82005ac8    0000000c                           : vars.obj (.cinit)
                  82005ad4    00000004     --HOLE-- [fill = 0]

.bss       0    82005ad8    00000028     UNINITIALIZED
                  82005ad8    0000000c     rtsv5_A_le_tiarm9.lib : memory.obj (.bss)
                  82005ae4    00000008                           : _lock.obj (.bss)
                  82005aec    00000008                           : exit.obj (.bss)
                  82005af4    00000004                           : boot.obj (.bss)
                  82005af8    00000004                           : stkdepth_vars.obj (.bss)
                  82005afc    00000004                           : vars.obj (.bss)


GLOBAL SYMBOLS: SORTED ALPHABETICALLY BY Name 

address    name
--------   ----
82005ad8   .bss
82000000   .data
82004000   .text
82005680   C$$EXIT
8200531c   C_MEMCPY
82005974   IND_CALL
82002000   __STACK_END
00002000   __STACK_SIZE
00002000   __SYSMEM_SIZE
00000001   __TI_args_main
820055d8   __TI_auto_init
820059b4   ___abort_execution
ffffffff   ___binit__
82005ad8   ___bss__
ffffffff   ___c_args__
82005a5c   ___cinit__
82004a40   ___ct__11TaskManagerFv
82004fe0   ___ct__12HalLedDriverFv
820057d8   ___ct__16TaskControlBlockFv
82004e60   ___ct__4TaskFv
820056f8   ___ct__6DriverFv
8200549c   ___ct__8LEDClassFi
82005198   ___ct__9LEDDriverFv
82005768   ___ct__9SchedulerFv
82000000   ___data__
820059b8   ___default_new_handler__Fv
82005994   ___dl__FPv
82004ab0   ___dt__11TaskManagerFv
82005038   ___dt__12HalLedDriverFv
82005814   ___dt__16TaskControlBlockFv
82004ea8   ___dt__4TaskFv
82005734   ___dt__6DriverFv
820054e8   ___dt__8LEDClassFv
820051e8   ___dt__9LEDDriverFv
820057a4   ___dt__9SchedulerFv
82000000   ___edata__
82005b00   ___end__
820059bc   ___etext__
820058a0   ___nw__FUi
820059a4   ___nw__FUiPv
ffffffff   ___pinit__
820059ac   ___pure_virtual_called
82004000   ___text__
82005a4c   ___vtbl__11TaskManager
820059fc   ___vtbl__12HalLedDriver
82005a3c   ___vtbl__16TaskControlBlock
82005a2c   ___vtbl__4Task
820059bc   ___vtbl__6Driver
82005a0c   ___vtbl__8LEDClass
820059dc   ___vtbl__9LEDDriver
82005a1c   ___vtbl__9Scheduler
82005954   __args_main
82005aec   __cleanup_ptr
82005af0   __dtors_ptr
82005ae4   __lock
82005afc   __new_handler
82005948   __nop
8200593c   __register_lock
82005930   __register_unlock
82000000   __stack
82002000   __sys_memory
82005ae8   __unlock
82005688   _abort
820058ec   _c_int00
820045dc   _calloc
82005848   _copy_in
82004aec   _createTask__11TaskManagerFPFv_v
82004b04   _deleteTask__11TaskManagerFi
82005694   _exit
820041b8   _free
8200559c   _isOff__8LEDClassFv
8200512c   _isOn__12HalLedDriverF3LED
82004f7c   _ledClassForEnum__12HalLedDriverF3LED
820050bc   _ledOff__12HalLedDriverF3LED
82005084   _ledOn__12HalLedDriverF3LED
UNDEFED    _main
82005af8   _main_func_sp
82004100   _malloc
820044a0   _memalign
82004000   _minit
820052bc   _read__9LEDDriverFPUc
82004314   _realloc
82004a38   _scheduleTask__Fv
82005af4   _stkchk_called
82005570   _switchOff__8LEDClassFv
82005544   _switchOn__8LEDClassFv
820050f4   _toggle__12HalLedDriverF3LED
82005518   _toggle__8LEDClassFv
82005234   _write__9LEDDriverFPUc
ffffffff   binit
82005a5c   cinit
82000000   edata
82005b00   end
820059bc   etext
ffffffff   pinit


GLOBAL SYMBOLS: SORTED BY Symbol Address 

address    name
--------   ----
00000001   __TI_args_main
00002000   __STACK_SIZE
00002000   __SYSMEM_SIZE
82000000   .data
82000000   ___data__
82000000   ___edata__
82000000   __stack
82000000   edata
82002000   __STACK_END
82002000   __sys_memory
82004000   .text
82004000   ___text__
82004000   _minit
82004100   _malloc
820041b8   _free
82004314   _realloc
820044a0   _memalign
820045dc   _calloc
82004a38   _scheduleTask__Fv
82004a40   ___ct__11TaskManagerFv
82004ab0   ___dt__11TaskManagerFv
82004aec   _createTask__11TaskManagerFPFv_v
82004b04   _deleteTask__11TaskManagerFi
82004e60   ___ct__4TaskFv
82004ea8   ___dt__4TaskFv
82004f7c   _ledClassForEnum__12HalLedDriverF3LED
82004fe0   ___ct__12HalLedDriverFv
82005038   ___dt__12HalLedDriverFv
82005084   _ledOn__12HalLedDriverF3LED
820050bc   _ledOff__12HalLedDriverF3LED
820050f4   _toggle__12HalLedDriverF3LED
8200512c   _isOn__12HalLedDriverF3LED
82005198   ___ct__9LEDDriverFv
820051e8   ___dt__9LEDDriverFv
82005234   _write__9LEDDriverFPUc
820052bc   _read__9LEDDriverFPUc
8200531c   C_MEMCPY
8200549c   ___ct__8LEDClassFi
820054e8   ___dt__8LEDClassFv
82005518   _toggle__8LEDClassFv
82005544   _switchOn__8LEDClassFv
82005570   _switchOff__8LEDClassFv
8200559c   _isOff__8LEDClassFv
820055d8   __TI_auto_init
82005680   C$$EXIT
82005688   _abort
82005694   _exit
820056f8   ___ct__6DriverFv
82005734   ___dt__6DriverFv
82005768   ___ct__9SchedulerFv
820057a4   ___dt__9SchedulerFv
820057d8   ___ct__16TaskControlBlockFv
82005814   ___dt__16TaskControlBlockFv
82005848   _copy_in
820058a0   ___nw__FUi
820058ec   _c_int00
82005930   __register_unlock
8200593c   __register_lock
82005948   __nop
82005954   __args_main
82005974   IND_CALL
82005994   ___dl__FPv
820059a4   ___nw__FUiPv
820059ac   ___pure_virtual_called
820059b4   ___abort_execution
820059b8   ___default_new_handler__Fv
820059bc   ___etext__
820059bc   ___vtbl__6Driver
820059bc   etext
820059dc   ___vtbl__9LEDDriver
820059fc   ___vtbl__12HalLedDriver
82005a0c   ___vtbl__8LEDClass
82005a1c   ___vtbl__9Scheduler
82005a2c   ___vtbl__4Task
82005a3c   ___vtbl__16TaskControlBlock
82005a4c   ___vtbl__11TaskManager
82005a5c   ___cinit__
82005a5c   cinit
82005ad8   .bss
82005ad8   ___bss__
82005ae4   __lock
82005ae8   __unlock
82005aec   __cleanup_ptr
82005af0   __dtors_ptr
82005af4   _stkchk_called
82005af8   _main_func_sp
82005afc   __new_handler
82005b00   ___end__
82005b00   end
ffffffff   ___binit__
ffffffff   ___c_args__
ffffffff   ___pinit__
ffffffff   binit
ffffffff   pinit
UNDEFED    _main

[95 symbols]
